2026-08-11T14:24:05.974194+00:00 LSE export allowance 1/5 used
2026-08-11T14:24:05.975011+00:00 [1/43] AAPL: requesting 2016-08-11 to 2026-08-11
2026-08-11T14:24:15.973369+00:00 AAPL: saved 2,148,366 rows
2026-08-11T14:24:16.850770+00:00 LSE export allowance 2/5 used
2026-08-11T14:24:16.851492+00:00 [2/43] ADBE: requesting 2016-08-11 to 2026-08-11
2026-08-11T14:24:24.357160+00:00 ADBE: saved 1,384,822 rows
2026-08-11T14:24:24.699294+00:00 LSE export allowance 3/5 used
2026-08-11T14:24:24.699809+00:00 [3/43] ADI: requesting 2016-08-11 to 2026-08-11
2026-08-11T14:24:31.103934+00:00 ADI: saved 1,089,453 rows
2026-08-11T14:24:31.446736+00:00 LSE export allowance 4/5 used
2026-08-11T14:24:31.447414+00:00 [4/43] ADP: requesting 2016-08-11 to 2026-08-11
2026-08-11T14:24:39.094862+00:00 ADP: saved 1,030,078 rows
2026-08-11T14:24:39.428053+00:00 hourly export allowance exhausted; waiting about 2125s
2026-08-11T15:00:05.942528+00:00 LSE export allowance 0/5 used
2026-08-11T15:00:05.943349+00:00 [5/43] ADSK: requesting 2016-08-11 to 2026-08-11
2026-08-11T15:00:13.094184+00:00 ADSK: saved 948,043 rows
2026-08-11T15:00:13.803940+00:00 LSE export allowance 1/5 used
2026-08-11T15:00:13.804500+00:00 [6/43] AMAT: requesting 2016-08-11 to 2026-08-11
2026-08-11T15:00:21.039785+00:00 AMAT: saved 1,342,534 rows
2026-08-11T15:00:21.759377+00:00 LSE export allowance 2/5 used
2026-08-11T15:00:21.759978+00:00 [7/43] AMGN: requesting 2016-08-11 to 2026-08-11
2026-08-11T15:00:49.263294+00:00 AMGN: saved 1,100,424 rows
2026-08-11T15:00:49.977777+00:00 LSE export allowance 3/5 used
2026-08-11T15:00:49.978409+00:00 [8/43] AMZN: requesting 2016-08-11 to 2026-08-11
2026-08-11T15:01:00.373734+00:00 AMZN: saved 2,073,392 rows
2026-08-11T15:01:01.095871+00:00 LSE export allowance 4/5 used
2026-08-11T15:01:01.096557+00:00 [9/43] AVGO: requesting 2016-08-11 to 2026-08-11
2026-08-11T15:01:08.104828+00:00 AVGO: saved 1,449,034 rows
2026-08-11T15:01:08.839215+00:00 hourly export allowance exhausted; waiting about 3536s
2026-08-11T23:31:29.384306+00:00 LSE export allowance 0/5 used
2026-08-11T23:31:29.385533+00:00 [10/43] CMCSA: requesting 2016-08-11 to 2026-08-11
2026-08-11T23:31:36.340610+00:00 CMCSA: saved 1,115,780 rows
2026-08-11T23:31:37.059702+00:00 LSE export allowance 1/5 used
2026-08-11T23:31:37.060208+00:00 [11/43] COST: requesting 2016-08-11 to 2026-08-11
2026-08-11T23:31:44.054888+00:00 COST: saved 1,322,517 rows
2026-08-11T23:31:44.773368+00:00 LSE export allowance 2/5 used
2026-08-11T23:31:44.773907+00:00 [12/43] CSCO: requesting 2016-08-11 to 2026-08-11
2026-08-11T23:31:51.691305+00:00 CSCO: saved 1,308,926 rows
2026-08-11T23:31:52.418547+00:00 LSE export allowance 3/5 used
2026-08-11T23:31:52.419007+00:00 [13/43] CSX: requesting 2016-08-11 to 2026-08-11
2026-08-11T23:31:59.132075+00:00 CSX: saved 1,041,877 rows
2026-08-11T23:32:00.033916+00:00 LSE export allowance 4/5 used
2026-08-11T23:32:00.034410+00:00 [14/43] FAST: requesting 2016-08-11 to 2026-08-11
2026-08-11T23:32:06.919945+00:00 FAST: saved 1,012,809 rows
2026-08-11T23:32:07.650855+00:00 hourly export allowance exhausted; waiting about 1677s
2026-08-12T00:00:05.917426+00:00 LSE export allowance 0/5 used
2026-08-12T00:00:05.919850+00:00 [15/43] GILD: requesting 2016-08-11 to 2026-08-11
2026-08-12T00:00:12.901768+00:00 GILD: saved 1,178,117 rows
2026-08-12T00:00:13.629443+00:00 LSE export allowance 1/5 used
2026-08-12T00:00:13.630257+00:00 [16/43] GOOG: requesting 2016-08-11 to 2026-08-11
2026-08-12T00:00:20.633943+00:00 GOOG: saved 989,338 rows
2026-08-12T00:00:21.353354+00:00 LSE export allowance 2/5 used
2026-08-12T00:00:21.354113+00:00 [17/43] GOOGL: requesting 2016-08-11 to 2026-08-11
2026-08-12T00:00:28.931766+00:00 GOOGL: saved 1,818,516 rows
2026-08-12T00:00:29.651856+00:00 LSE export allowance 3/5 used
2026-08-12T00:00:29.652590+00:00 [18/43] INTC: requesting 2016-08-11 to 2026-08-11
2026-08-12T00:00:36.925884+00:00 INTC: saved 1,767,991 rows
2026-08-12T00:00:37.828072+00:00 LSE export allowance 4/5 used
2026-08-12T00:00:37.828734+00:00 [19/43] INTU: requesting 2016-08-11 to 2026-08-11
2026-08-12T00:00:44.844122+00:00 INTU: saved 1,104,160 rows
2026-08-12T00:00:45.587614+00:00 hourly export allowance exhausted; waiting about 3559s
2026-08-12T01:00:05.935965+00:00 LSE export allowance 0/5 used
2026-08-12T01:00:05.937576+00:00 [20/43] ISRG: requesting 2016-08-11 to 2026-08-11
2026-08-12T01:00:13.046816+00:00 ISRG: saved 1,121,790 rows
2026-08-12T01:00:13.768582+00:00 LSE export allowance 1/5 used
2026-08-12T01:00:13.769376+00:00 [21/43] KHC: requesting 2016-08-11 to 2026-08-11
2026-08-12T01:00:20.734823+00:00 KHC: saved 1,151,749 rows
2026-08-12T01:00:21.458909+00:00 LSE export allowance 2/5 used
2026-08-12T01:00:21.459568+00:00 [22/43] LRCX: requesting 2016-08-11 to 2026-08-11
2026-08-12T01:00:28.455052+00:00 LRCX: saved 1,268,658 rows
2026-08-12T01:00:29.254429+00:00 LSE export allowance 3/5 used
2026-08-12T01:00:29.255079+00:00 [23/43] MAR: requesting 2016-08-11 to 2026-08-11
2026-08-12T01:00:36.308781+00:00 MAR: saved 1,057,232 rows
2026-08-12T01:00:37.194840+00:00 LSE export allowance 4/5 used
2026-08-12T01:00:37.195534+00:00 [24/43] MCHP: requesting 2016-08-11 to 2026-08-11
2026-08-12T01:00:44.197674+00:00 MCHP: saved 1,082,884 rows
2026-08-12T01:00:44.907982+00:00 hourly export allowance exhausted; waiting about 3560s
2026-08-12T02:00:05.918780+00:00 LSE export allowance 0/5 used
2026-08-12T02:00:05.919484+00:00 [25/43] MDLZ: requesting 2016-08-11 to 2026-08-11
2026-08-12T02:00:12.959822+00:00 MDLZ: saved 1,044,999 rows
2026-08-12T02:00:13.693428+00:00 LSE export allowance 1/5 used
2026-08-12T02:00:13.694107+00:00 [26/43] META: requesting 2016-08-11 to 2026-08-11
2026-08-12T02:00:21.537263+00:00 META: saved 1,785,029 rows
2026-08-12T02:00:22.271239+00:00 LSE export allowance 2/5 used
2026-08-12T02:00:22.271795+00:00 [27/43] MNST: requesting 2016-08-11 to 2026-08-11
2026-08-12T02:00:29.554285+00:00 MNST: saved 1,034,969 rows
2026-08-12T02:00:30.283394+00:00 LSE export allowance 3/5 used
2026-08-12T02:00:30.284116+00:00 [28/43] MSFT: requesting 2016-08-11 to 2026-08-11
2026-08-12T02:00:37.981600+00:00 MSFT: saved 1,956,933 rows
2026-08-12T02:00:38.890874+00:00 LSE export allowance 4/5 used
2026-08-12T02:00:38.891509+00:00 [29/43] MU: requesting 2016-08-11 to 2026-08-11
2026-08-12T02:00:46.310547+00:00 MU: saved 1,746,312 rows
2026-08-12T02:00:47.030046+00:00 hourly export allowance exhausted; waiting about 3557s
2026-08-12T03:00:05.930163+00:00 LSE export allowance 0/5 used
2026-08-12T03:00:05.930949+00:00 [30/43] NFLX: requesting 2016-08-11 to 2026-08-11
2026-08-12T03:00:13.235814+00:00 NFLX: saved 1,407,419 rows
2026-08-12T03:00:13.970471+00:00 LSE export allowance 1/5 used
2026-08-12T03:00:13.971040+00:00 [31/43] NVDA: requesting 2016-08-11 to 2026-08-11
2026-08-12T03:00:21.323369+00:00 NVDA: saved 2,055,682 rows
2026-08-12T03:00:22.058193+00:00 LSE export allowance 2/5 used
2026-08-12T03:00:22.058851+00:00 [32/43] ORLY: requesting 2016-08-11 to 2026-08-11
2026-08-12T03:00:28.815880+00:00 ORLY: saved 997,123 rows
2026-08-12T03:00:29.530174+00:00 LSE export allowance 3/5 used
2026-08-12T03:00:29.530814+00:00 [33/43] PAYX: requesting 2016-08-11 to 2026-08-11
2026-08-12T03:00:36.291751+00:00 PAYX: saved 1,012,790 rows
2026-08-12T03:00:37.181386+00:00 LSE export allowance 4/5 used
2026-08-12T03:00:37.181956+00:00 [34/43] PCAR: requesting 2016-08-11 to 2026-08-11
2026-08-12T03:00:44.054430+00:00 PCAR: saved 962,395 rows
2026-08-12T03:00:44.771564+00:00 hourly export allowance exhausted; waiting about 3560s
2026-08-12T04:00:05.920532+00:00 LSE export allowance 0/5 used
2026-08-12T04:00:05.921286+00:00 [35/43] PYPL: requesting 2016-08-11 to 2026-08-11
2026-08-12T04:00:13.145562+00:00 PYPL: saved 1,559,117 rows
2026-08-12T04:00:13.877654+00:00 LSE export allowance 1/5 used
2026-08-12T04:00:13.878230+00:00 [36/43] QCOM: requesting 2016-08-11 to 2026-08-11
2026-08-12T04:00:21.290455+00:00 QCOM: saved 1,510,774 rows
2026-08-12T04:00:22.021892+00:00 LSE export allowance 2/5 used
2026-08-12T04:00:22.022561+00:00 [37/43] REGN: requesting 2016-08-11 to 2026-08-11
2026-08-12T04:00:29.023754+00:00 REGN: saved 1,050,123 rows
2026-08-12T04:00:29.919112+00:00 LSE export allowance 3/5 used
2026-08-12T04:00:29.919792+00:00 [38/43] ROST: requesting 2016-08-11 to 2026-08-11
2026-08-12T04:00:36.724299+00:00 ROST: saved 1,028,155 rows
2026-08-12T04:00:37.609293+00:00 LSE export allowance 4/5 used
2026-08-12T04:00:37.609880+00:00 [39/43] SBUX: requesting 2016-08-11 to 2026-08-11
2026-08-12T04:00:45.747632+00:00 SBUX: saved 1,436,227 rows
2026-08-12T04:00:46.485079+00:00 hourly export allowance exhausted; waiting about 3558s
2026-08-12T05:00:05.923820+00:00 LSE export allowance 0/5 used
2026-08-12T05:00:05.924580+00:00 [40/43] TMUS: requesting 2016-08-11 to 2026-08-11
2026-08-12T05:00:12.781807+00:00 TMUS: saved 1,101,549 rows
2026-08-12T05:00:13.520796+00:00 LSE export allowance 1/5 used
2026-08-12T05:00:13.521535+00:00 [41/43] TSLA: requesting 2016-08-11 to 2026-08-11
2026-08-12T05:00:21.431295+00:00 TSLA: saved 2,132,011 rows
2026-08-12T05:00:22.167772+00:00 LSE export allowance 2/5 used
2026-08-12T05:00:22.168363+00:00 [42/43] TXN: requesting 2016-08-11 to 2026-08-11
2026-08-12T05:00:29.058873+00:00 TXN: saved 1,155,690 rows
2026-08-12T05:00:29.772568+00:00 LSE export allowance 3/5 used
2026-08-12T05:00:29.773535+00:00 [43/43] VRTX: requesting 2016-08-11 to 2026-08-11
2026-08-12T05:00:36.773629+00:00 VRTX: saved 1,058,599 rows
2026-08-12T05:00:36.774143+00:00 core pull pass complete: 43/43 present; errors=[]
